../Core/Src/main.c:53:7:distance_between_maxima_average	40	static
../Core/Src/main.c:89:6:display_init	16	static
../Core/Src/main.c:129:6:extractDigits	88	static
../Core/Src/main.c:149:6:display_result	24	static
../Core/Src/main.c:174:5:main	32	static
../Core/Src/main.c:248:6:SystemClock_Config	88	static
../Core/Src/main.c:290:13:MX_ADC1_Init	24	static
../Core/Src/main.c:325:13:MX_I2C1_Init	8	static
../Core/Src/main.c:340:13:MX_TIM3_Init	64	static
../Core/Src/main.c:381:13:MX_USART2_UART_Init	8	static
../Core/Src/main.c:398:13:MX_DMA_Init	4	static
../Core/Src/main.c:410:13:MX_GPIO_Init	48	static
../Core/Src/main.c:441:6:HAL_ADC_ConvHalfCpltCallback	16	static
../Core/Src/main.c:445:6:HAL_ADC_ConvCpltCallback	24	static
../Core/Src/main.c:459:6:Error_Handler	4	static,ignoring_inline_asm
